// Jest Snapshot v1, https://goo.gl/fbAQLP

exports[`render correctly Input component 1`] = `
<button
  onClick={[Function]}
  type="button"
/>
`;
